// Jest Snapshot v1, https://goo.gl/fbAQLP

exports[`loader should emit warning by default ('dart-sass', 'legacy' API, 'sass' syntax): css 1`] = `
"a {
  color: red;
}"
`;

exports[`loader should emit warning by default ('dart-sass', 'legacy' API, 'sass' syntax): errors 1`] = `[]`;

exports[`loader should emit warning by default ('dart-sass', 'legacy' API, 'sass' syntax): logs 1`] = `
[
  [
    {
      "args": [
        "[debug:0:0] My debug message",
      ],
      "type": "debug",
    },
  ],
]
`;

exports[`loader should emit warning by default ('dart-sass', 'legacy' API, 'sass' syntax): warnings 1`] = `
[
  "ModuleWarning: Module Warning (from ../src/cjs.js):
My warning message",
]
`;

exports[`loader should emit warning by default ('dart-sass', 'legacy' API, 'scss' syntax): css 1`] = `
"a {
  color: red;
}"
`;

exports[`loader should emit warning by default ('dart-sass', 'legacy' API, 'scss' syntax): errors 1`] = `[]`;

exports[`loader should emit warning by default ('dart-sass', 'legacy' API, 'scss' syntax): logs 1`] = `
[
  [
    {
      "args": [
        "[debug:0:0] My debug message",
      ],
      "type": "debug",
    },
  ],
]
`;

exports[`loader should emit warning by default ('dart-sass', 'legacy' API, 'scss' syntax): warnings 1`] = `
[
  "ModuleWarning: Module Warning (from ../src/cjs.js):
My warning message",
]
`;

exports[`loader should emit warning by default ('dart-sass', 'modern' API, 'sass' syntax): css 1`] = `
"a {
  color: red;
}"
`;

exports[`loader should emit warning by default ('dart-sass', 'modern' API, 'sass' syntax): errors 1`] = `[]`;

exports[`loader should emit warning by default ('dart-sass', 'modern' API, 'sass' syntax): logs 1`] = `
[
  [
    {
      "args": [
        "[debug:0:0] My debug message",
      ],
      "type": "debug",
    },
  ],
]
`;

exports[`loader should emit warning by default ('dart-sass', 'modern' API, 'sass' syntax): warnings 1`] = `
[
  "ModuleWarning: Module Warning (from ../src/cjs.js):
My warning message",
]
`;

exports[`loader should emit warning by default ('dart-sass', 'modern' API, 'scss' syntax): css 1`] = `
"a {
  color: red;
}"
`;

exports[`loader should emit warning by default ('dart-sass', 'modern' API, 'scss' syntax): errors 1`] = `[]`;

exports[`loader should emit warning by default ('dart-sass', 'modern' API, 'scss' syntax): logs 1`] = `
[
  [
    {
      "args": [
        "[debug:0:0] My debug message",
      ],
      "type": "debug",
    },
  ],
]
`;

exports[`loader should emit warning by default ('dart-sass', 'modern' API, 'scss' syntax): warnings 1`] = `
[
  "ModuleWarning: Module Warning (from ../src/cjs.js):
My warning message",
]
`;

exports[`loader should emit warning by default ('node-sass', 'legacy' API, 'sass' syntax): css 1`] = `
"a {
  color: red; }
"
`;

exports[`loader should emit warning by default ('node-sass', 'legacy' API, 'sass' syntax): errors 1`] = `[]`;

exports[`loader should emit warning by default ('node-sass', 'legacy' API, 'sass' syntax): logs 1`] = `[]`;

exports[`loader should emit warning by default ('node-sass', 'legacy' API, 'sass' syntax): warnings 1`] = `[]`;

exports[`loader should emit warning by default ('node-sass', 'legacy' API, 'scss' syntax): css 1`] = `
"a {
  color: red; }
"
`;

exports[`loader should emit warning by default ('node-sass', 'legacy' API, 'scss' syntax): errors 1`] = `[]`;

exports[`loader should emit warning by default ('node-sass', 'legacy' API, 'scss' syntax): logs 1`] = `[]`;

exports[`loader should emit warning by default ('node-sass', 'legacy' API, 'scss' syntax): warnings 1`] = `[]`;

exports[`loader should emit warning by default ('sass-embedded', 'legacy' API, 'sass' syntax): css 1`] = `
"a {
  color: red;
}"
`;

exports[`loader should emit warning by default ('sass-embedded', 'legacy' API, 'sass' syntax): errors 1`] = `[]`;

exports[`loader should emit warning by default ('sass-embedded', 'legacy' API, 'sass' syntax): logs 1`] = `
[
  [
    {
      "args": [
        "[debug:0:0] My debug message",
      ],
      "type": "debug",
    },
  ],
]
`;

exports[`loader should emit warning by default ('sass-embedded', 'legacy' API, 'sass' syntax): warnings 1`] = `
[
  "ModuleWarning: Module Warning (from ../src/cjs.js):
My warning message",
]
`;

exports[`loader should emit warning by default ('sass-embedded', 'legacy' API, 'scss' syntax): css 1`] = `
"a {
  color: red;
}"
`;

exports[`loader should emit warning by default ('sass-embedded', 'legacy' API, 'scss' syntax): errors 1`] = `[]`;

exports[`loader should emit warning by default ('sass-embedded', 'legacy' API, 'scss' syntax): logs 1`] = `
[
  [
    {
      "args": [
        "[debug:0:0] My debug message",
      ],
      "type": "debug",
    },
  ],
]
`;

exports[`loader should emit warning by default ('sass-embedded', 'legacy' API, 'scss' syntax): warnings 1`] = `
[
  "ModuleWarning: Module Warning (from ../src/cjs.js):
My warning message",
]
`;

exports[`loader should emit warning by default ('sass-embedded', 'modern' API, 'sass' syntax): css 1`] = `
"a {
  color: red;
}"
`;

exports[`loader should emit warning by default ('sass-embedded', 'modern' API, 'sass' syntax): errors 1`] = `[]`;

exports[`loader should emit warning by default ('sass-embedded', 'modern' API, 'sass' syntax): logs 1`] = `
[
  [
    {
      "args": [
        "[debug:0:0] My debug message",
      ],
      "type": "debug",
    },
  ],
]
`;

exports[`loader should emit warning by default ('sass-embedded', 'modern' API, 'sass' syntax): warnings 1`] = `
[
  "ModuleWarning: Module Warning (from ../src/cjs.js):
My warning message",
]
`;

exports[`loader should emit warning by default ('sass-embedded', 'modern' API, 'scss' syntax): css 1`] = `
"a {
  color: red;
}"
`;

exports[`loader should emit warning by default ('sass-embedded', 'modern' API, 'scss' syntax): errors 1`] = `[]`;

exports[`loader should emit warning by default ('sass-embedded', 'modern' API, 'scss' syntax): logs 1`] = `
[
  [
    {
      "args": [
        "[debug:0:0] My debug message",
      ],
      "type": "debug",
    },
  ],
]
`;

exports[`loader should emit warning by default ('sass-embedded', 'modern' API, 'scss' syntax): warnings 1`] = `
[
  "ModuleWarning: Module Warning (from ../src/cjs.js):
My warning message",
]
`;

exports[`loader should emit warning when 'true' used ('dart-sass', 'legacy' API, 'sass' syntax): css 1`] = `
"a {
  color: red;
}"
`;

exports[`loader should emit warning when 'true' used ('dart-sass', 'legacy' API, 'sass' syntax): errors 1`] = `[]`;

exports[`loader should emit warning when 'true' used ('dart-sass', 'legacy' API, 'sass' syntax): logs 1`] = `
[
  [
    {
      "args": [
        "[debug:0:0] My debug message",
      ],
      "type": "debug",
    },
  ],
]
`;

exports[`loader should emit warning when 'true' used ('dart-sass', 'legacy' API, 'sass' syntax): warnings 1`] = `
[
  "ModuleWarning: Module Warning (from ../src/cjs.js):
My warning message",
]
`;

exports[`loader should emit warning when 'true' used ('dart-sass', 'legacy' API, 'scss' syntax): css 1`] = `
"a {
  color: red;
}"
`;

exports[`loader should emit warning when 'true' used ('dart-sass', 'legacy' API, 'scss' syntax): errors 1`] = `[]`;

exports[`loader should emit warning when 'true' used ('dart-sass', 'legacy' API, 'scss' syntax): logs 1`] = `
[
  [
    {
      "args": [
        "[debug:0:0] My debug message",
      ],
      "type": "debug",
    },
  ],
]
`;

exports[`loader should emit warning when 'true' used ('dart-sass', 'legacy' API, 'scss' syntax): warnings 1`] = `
[
  "ModuleWarning: Module Warning (from ../src/cjs.js):
My warning message",
]
`;

exports[`loader should emit warning when 'true' used ('dart-sass', 'modern' API, 'sass' syntax): css 1`] = `
"a {
  color: red;
}"
`;

exports[`loader should emit warning when 'true' used ('dart-sass', 'modern' API, 'sass' syntax): errors 1`] = `[]`;

exports[`loader should emit warning when 'true' used ('dart-sass', 'modern' API, 'sass' syntax): logs 1`] = `
[
  [
    {
      "args": [
        "[debug:0:0] My debug message",
      ],
      "type": "debug",
    },
  ],
]
`;

exports[`loader should emit warning when 'true' used ('dart-sass', 'modern' API, 'sass' syntax): warnings 1`] = `
[
  "ModuleWarning: Module Warning (from ../src/cjs.js):
My warning message",
]
`;

exports[`loader should emit warning when 'true' used ('dart-sass', 'modern' API, 'scss' syntax): css 1`] = `
"a {
  color: red;
}"
`;

exports[`loader should emit warning when 'true' used ('dart-sass', 'modern' API, 'scss' syntax): errors 1`] = `[]`;

exports[`loader should emit warning when 'true' used ('dart-sass', 'modern' API, 'scss' syntax): logs 1`] = `
[
  [
    {
      "args": [
        "[debug:0:0] My debug message",
      ],
      "type": "debug",
    },
  ],
]
`;

exports[`loader should emit warning when 'true' used ('dart-sass', 'modern' API, 'scss' syntax): warnings 1`] = `
[
  "ModuleWarning: Module Warning (from ../src/cjs.js):
My warning message",
]
`;

exports[`loader should emit warning when 'true' used ('node-sass', 'legacy' API, 'sass' syntax): css 1`] = `
"a {
  color: red; }
"
`;

exports[`loader should emit warning when 'true' used ('node-sass', 'legacy' API, 'sass' syntax): errors 1`] = `[]`;

exports[`loader should emit warning when 'true' used ('node-sass', 'legacy' API, 'sass' syntax): logs 1`] = `[]`;

exports[`loader should emit warning when 'true' used ('node-sass', 'legacy' API, 'sass' syntax): warnings 1`] = `[]`;

exports[`loader should emit warning when 'true' used ('node-sass', 'legacy' API, 'scss' syntax): css 1`] = `
"a {
  color: red; }
"
`;

exports[`loader should emit warning when 'true' used ('node-sass', 'legacy' API, 'scss' syntax): errors 1`] = `[]`;

exports[`loader should emit warning when 'true' used ('node-sass', 'legacy' API, 'scss' syntax): logs 1`] = `[]`;

exports[`loader should emit warning when 'true' used ('node-sass', 'legacy' API, 'scss' syntax): warnings 1`] = `[]`;

exports[`loader should emit warning when 'true' used ('sass-embedded', 'legacy' API, 'sass' syntax): css 1`] = `
"a {
  color: red;
}"
`;

exports[`loader should emit warning when 'true' used ('sass-embedded', 'legacy' API, 'sass' syntax): errors 1`] = `[]`;

exports[`loader should emit warning when 'true' used ('sass-embedded', 'legacy' API, 'sass' syntax): logs 1`] = `
[
  [
    {
      "args": [
        "[debug:0:0] My debug message",
      ],
      "type": "debug",
    },
  ],
]
`;

exports[`loader should emit warning when 'true' used ('sass-embedded', 'legacy' API, 'sass' syntax): warnings 1`] = `
[
  "ModuleWarning: Module Warning (from ../src/cjs.js):
My warning message",
]
`;

exports[`loader should emit warning when 'true' used ('sass-embedded', 'legacy' API, 'scss' syntax): css 1`] = `
"a {
  color: red;
}"
`;

exports[`loader should emit warning when 'true' used ('sass-embedded', 'legacy' API, 'scss' syntax): errors 1`] = `[]`;

exports[`loader should emit warning when 'true' used ('sass-embedded', 'legacy' API, 'scss' syntax): logs 1`] = `
[
  [
    {
      "args": [
        "[debug:0:0] My debug message",
      ],
      "type": "debug",
    },
  ],
]
`;

exports[`loader should emit warning when 'true' used ('sass-embedded', 'legacy' API, 'scss' syntax): warnings 1`] = `
[
  "ModuleWarning: Module Warning (from ../src/cjs.js):
My warning message",
]
`;

exports[`loader should emit warning when 'true' used ('sass-embedded', 'modern' API, 'sass' syntax): css 1`] = `
"a {
  color: red;
}"
`;

exports[`loader should emit warning when 'true' used ('sass-embedded', 'modern' API, 'sass' syntax): errors 1`] = `[]`;

exports[`loader should emit warning when 'true' used ('sass-embedded', 'modern' API, 'sass' syntax): logs 1`] = `
[
  [
    {
      "args": [
        "[debug:0:0] My debug message",
      ],
      "type": "debug",
    },
  ],
]
`;

exports[`loader should emit warning when 'true' used ('sass-embedded', 'modern' API, 'sass' syntax): warnings 1`] = `
[
  "ModuleWarning: Module Warning (from ../src/cjs.js):
My warning message",
]
`;

exports[`loader should emit warning when 'true' used ('sass-embedded', 'modern' API, 'scss' syntax): css 1`] = `
"a {
  color: red;
}"
`;

exports[`loader should emit warning when 'true' used ('sass-embedded', 'modern' API, 'scss' syntax): errors 1`] = `[]`;

exports[`loader should emit warning when 'true' used ('sass-embedded', 'modern' API, 'scss' syntax): logs 1`] = `
[
  [
    {
      "args": [
        "[debug:0:0] My debug message",
      ],
      "type": "debug",
    },
  ],
]
`;

exports[`loader should emit warning when 'true' used ('sass-embedded', 'modern' API, 'scss' syntax): warnings 1`] = `
[
  "ModuleWarning: Module Warning (from ../src/cjs.js):
My warning message",
]
`;

exports[`loader should not emit warning when 'false' used ('dart-sass', 'legacy' API, 'sass' syntax): css 1`] = `
"a {
  color: red;
}"
`;

exports[`loader should not emit warning when 'false' used ('dart-sass', 'legacy' API, 'sass' syntax): errors 1`] = `[]`;

exports[`loader should not emit warning when 'false' used ('dart-sass', 'legacy' API, 'sass' syntax): logs 1`] = `
[
  [
    {
      "args": [
        "[debug:0:0] My debug message",
      ],
      "type": "debug",
    },
    {
      "args": [
        "My warning message

test/sass/logging.sass 2:1  root stylesheet
",
      ],
      "type": "warn",
    },
  ],
]
`;

exports[`loader should not emit warning when 'false' used ('dart-sass', 'legacy' API, 'sass' syntax): warnings 1`] = `[]`;

exports[`loader should not emit warning when 'false' used ('dart-sass', 'legacy' API, 'scss' syntax): css 1`] = `
"a {
  color: red;
}"
`;

exports[`loader should not emit warning when 'false' used ('dart-sass', 'legacy' API, 'scss' syntax): errors 1`] = `[]`;

exports[`loader should not emit warning when 'false' used ('dart-sass', 'legacy' API, 'scss' syntax): logs 1`] = `
[
  [
    {
      "args": [
        "[debug:0:0] My debug message",
      ],
      "type": "debug",
    },
    {
      "args": [
        "My warning message

test/scss/logging.scss 2:1  root stylesheet
",
      ],
      "type": "warn",
    },
  ],
]
`;

exports[`loader should not emit warning when 'false' used ('dart-sass', 'legacy' API, 'scss' syntax): warnings 1`] = `[]`;

exports[`loader should not emit warning when 'false' used ('dart-sass', 'modern' API, 'sass' syntax): css 1`] = `
"a {
  color: red;
}"
`;

exports[`loader should not emit warning when 'false' used ('dart-sass', 'modern' API, 'sass' syntax): errors 1`] = `[]`;

exports[`loader should not emit warning when 'false' used ('dart-sass', 'modern' API, 'sass' syntax): logs 1`] = `
[
  [
    {
      "args": [
        "[debug:0:0] My debug message",
      ],
      "type": "debug",
    },
    {
      "args": [
        "My warning message

test/sass/logging.sass 2:1  root stylesheet
",
      ],
      "type": "warn",
    },
  ],
]
`;

exports[`loader should not emit warning when 'false' used ('dart-sass', 'modern' API, 'sass' syntax): warnings 1`] = `[]`;

exports[`loader should not emit warning when 'false' used ('dart-sass', 'modern' API, 'scss' syntax): css 1`] = `
"a {
  color: red;
}"
`;

exports[`loader should not emit warning when 'false' used ('dart-sass', 'modern' API, 'scss' syntax): errors 1`] = `[]`;

exports[`loader should not emit warning when 'false' used ('dart-sass', 'modern' API, 'scss' syntax): logs 1`] = `
[
  [
    {
      "args": [
        "[debug:0:0] My debug message",
      ],
      "type": "debug",
    },
    {
      "args": [
        "My warning message

test/scss/logging.scss 2:1  root stylesheet
",
      ],
      "type": "warn",
    },
  ],
]
`;

exports[`loader should not emit warning when 'false' used ('dart-sass', 'modern' API, 'scss' syntax): warnings 1`] = `[]`;

exports[`loader should not emit warning when 'false' used ('node-sass', 'legacy' API, 'sass' syntax): css 1`] = `
"a {
  color: red; }
"
`;

exports[`loader should not emit warning when 'false' used ('node-sass', 'legacy' API, 'sass' syntax): errors 1`] = `[]`;

exports[`loader should not emit warning when 'false' used ('node-sass', 'legacy' API, 'sass' syntax): logs 1`] = `[]`;

exports[`loader should not emit warning when 'false' used ('node-sass', 'legacy' API, 'sass' syntax): warnings 1`] = `[]`;

exports[`loader should not emit warning when 'false' used ('node-sass', 'legacy' API, 'scss' syntax): css 1`] = `
"a {
  color: red; }
"
`;

exports[`loader should not emit warning when 'false' used ('node-sass', 'legacy' API, 'scss' syntax): errors 1`] = `[]`;

exports[`loader should not emit warning when 'false' used ('node-sass', 'legacy' API, 'scss' syntax): logs 1`] = `[]`;

exports[`loader should not emit warning when 'false' used ('node-sass', 'legacy' API, 'scss' syntax): warnings 1`] = `[]`;

exports[`loader should not emit warning when 'false' used ('sass-embedded', 'legacy' API, 'sass' syntax): css 1`] = `
"a {
  color: red;
}"
`;

exports[`loader should not emit warning when 'false' used ('sass-embedded', 'legacy' API, 'sass' syntax): errors 1`] = `[]`;

exports[`loader should not emit warning when 'false' used ('sass-embedded', 'legacy' API, 'sass' syntax): logs 1`] = `
[
  [
    {
      "args": [
        "[debug:0:0] My debug message",
      ],
      "type": "debug",
    },
    {
      "args": [
        "My warning message

test/sass/logging.sass 2:1  root stylesheet
",
      ],
      "type": "warn",
    },
  ],
]
`;

exports[`loader should not emit warning when 'false' used ('sass-embedded', 'legacy' API, 'sass' syntax): warnings 1`] = `[]`;

exports[`loader should not emit warning when 'false' used ('sass-embedded', 'legacy' API, 'scss' syntax): css 1`] = `
"a {
  color: red;
}"
`;

exports[`loader should not emit warning when 'false' used ('sass-embedded', 'legacy' API, 'scss' syntax): errors 1`] = `[]`;

exports[`loader should not emit warning when 'false' used ('sass-embedded', 'legacy' API, 'scss' syntax): logs 1`] = `
[
  [
    {
      "args": [
        "[debug:0:0] My debug message",
      ],
      "type": "debug",
    },
    {
      "args": [
        "My warning message

test/scss/logging.scss 2:1  root stylesheet
",
      ],
      "type": "warn",
    },
  ],
]
`;

exports[`loader should not emit warning when 'false' used ('sass-embedded', 'legacy' API, 'scss' syntax): warnings 1`] = `[]`;

exports[`loader should not emit warning when 'false' used ('sass-embedded', 'modern' API, 'sass' syntax): css 1`] = `
"a {
  color: red;
}"
`;

exports[`loader should not emit warning when 'false' used ('sass-embedded', 'modern' API, 'sass' syntax): errors 1`] = `[]`;

exports[`loader should not emit warning when 'false' used ('sass-embedded', 'modern' API, 'sass' syntax): logs 1`] = `
[
  [
    {
      "args": [
        "[debug:0:0] My debug message",
      ],
      "type": "debug",
    },
    {
      "args": [
        "My warning message

test/sass/logging.sass 2:1  root stylesheet
",
      ],
      "type": "warn",
    },
  ],
]
`;

exports[`loader should not emit warning when 'false' used ('sass-embedded', 'modern' API, 'sass' syntax): warnings 1`] = `[]`;

exports[`loader should not emit warning when 'false' used ('sass-embedded', 'modern' API, 'scss' syntax): css 1`] = `
"a {
  color: red;
}"
`;

exports[`loader should not emit warning when 'false' used ('sass-embedded', 'modern' API, 'scss' syntax): errors 1`] = `[]`;

exports[`loader should not emit warning when 'false' used ('sass-embedded', 'modern' API, 'scss' syntax): logs 1`] = `
[
  [
    {
      "args": [
        "[debug:0:0] My debug message",
      ],
      "type": "debug",
    },
    {
      "args": [
        "My warning message

test/scss/logging.scss 2:1  root stylesheet
",
      ],
      "type": "warn",
    },
  ],
]
`;

exports[`loader should not emit warning when 'false' used ('sass-embedded', 'modern' API, 'scss' syntax): warnings 1`] = `[]`;
